---
source: crates/ruff_linter/src/rules/airflow/mod.rs
---
AIR312 [*] `airflow.hooks.filesystem.FSHook` is deprecated and moved into `standard` provider in Airflow 3.0; It still works in Airflow 3.0 but is expected to be removed in a future version.
  --> AIR312.py:14:1
   |
12 | from airflow.sensors.date_time import DateTimeSensor
13 |
14 | FSHook()
   | ^^^^^^
15 | PackageIndexHook()
16 | SubprocessHook()
   |
help: Install `apache-airflow-providers-standard>=0.0.1` and use `FSHook` from `airflow.providers.standard.hooks.filesystem` instead.
1  | from __future__ import annotations
2  | 
   - from airflow.hooks.filesystem import FSHook
3  | from airflow.hooks.package_index import PackageIndexHook
4  | from airflow.hooks.subprocess import SubprocessHook
5  | from airflow.operators.bash import BashOperator
--------------------------------------------------------------------------------
9  | from airflow.operators.trigger_dagrun import TriggerDagRunOperator
10 | from airflow.operators.weekday import BranchDayOfWeekOperator
11 | from airflow.sensors.date_time import DateTimeSensor
12 + from airflow.providers.standard.hooks.filesystem import FSHook
13 | 
14 | FSHook()
15 | PackageIndexHook()
note: This is an unsafe fix and may remove comments or change runtime behavior

AIR312 [*] `airflow.hooks.package_index.PackageIndexHook` is deprecated and moved into `standard` provider in Airflow 3.0; It still works in Airflow 3.0 but is expected to be removed in a future version.
  --> AIR312.py:15:1
   |
14 | FSHook()
15 | PackageIndexHook()
   | ^^^^^^^^^^^^^^^^
16 | SubprocessHook()
   |
help: Install `apache-airflow-providers-standard>=0.0.1` and use `PackageIndexHook` from `airflow.providers.standard.hooks.package_index` instead.
1  | from __future__ import annotations
2  | 
3  | from airflow.hooks.filesystem import FSHook
   - from airflow.hooks.package_index import PackageIndexHook
4  | from airflow.hooks.subprocess import SubprocessHook
5  | from airflow.operators.bash import BashOperator
6  | from airflow.operators.datetime import BranchDateTimeOperator
--------------------------------------------------------------------------------
9  | from airflow.operators.trigger_dagrun import TriggerDagRunOperator
10 | from airflow.operators.weekday import BranchDayOfWeekOperator
11 | from airflow.sensors.date_time import DateTimeSensor
12 + from airflow.providers.standard.hooks.package_index import PackageIndexHook
13 | 
14 | FSHook()
15 | PackageIndexHook()
note: This is an unsafe fix and may remove comments or change runtime behavior

AIR312 [*] `airflow.hooks.subprocess.SubprocessHook` is deprecated and moved into `standard` provider in Airflow 3.0; It still works in Airflow 3.0 but is expected to be removed in a future version.
  --> AIR312.py:16:1
   |
14 | FSHook()
15 | PackageIndexHook()
16 | SubprocessHook()
   | ^^^^^^^^^^^^^^
17 |
18 | BashOperator()
   |
help: Install `apache-airflow-providers-standard>=0.0.3` and use `SubprocessHook` from `airflow.providers.standard.hooks.subprocess` instead.
2  | 
3  | from airflow.hooks.filesystem import FSHook
4  | from airflow.hooks.package_index import PackageIndexHook
   - from airflow.hooks.subprocess import SubprocessHook
5  | from airflow.operators.bash import BashOperator
6  | from airflow.operators.datetime import BranchDateTimeOperator
7  | from airflow.operators.empty import EmptyOperator
--------------------------------------------------------------------------------
9  | from airflow.operators.trigger_dagrun import TriggerDagRunOperator
10 | from airflow.operators.weekday import BranchDayOfWeekOperator
11 | from airflow.sensors.date_time import DateTimeSensor
12 + from airflow.providers.standard.hooks.subprocess import SubprocessHook
13 | 
14 | FSHook()
15 | PackageIndexHook()
note: This is an unsafe fix and may remove comments or change runtime behavior

AIR312 [*] `airflow.operators.bash.BashOperator` is deprecated and moved into `standard` provider in Airflow 3.0; It still works in Airflow 3.0 but is expected to be removed in a future version.
  --> AIR312.py:18:1
   |
16 | SubprocessHook()
17 |
18 | BashOperator()
   | ^^^^^^^^^^^^
19 | BranchDateTimeOperator()
20 | TriggerDagRunOperator()
   |
help: Install `apache-airflow-providers-standard>=0.0.1` and use `BashOperator` from `airflow.providers.standard.operators.bash` instead.
3  | from airflow.hooks.filesystem import FSHook
4  | from airflow.hooks.package_index import PackageIndexHook
5  | from airflow.hooks.subprocess import SubprocessHook
   - from airflow.operators.bash import BashOperator
6  | from airflow.operators.datetime import BranchDateTimeOperator
7  | from airflow.operators.empty import EmptyOperator
8  | from airflow.operators.latest_only import LatestOnlyOperator
9  | from airflow.operators.trigger_dagrun import TriggerDagRunOperator
10 | from airflow.operators.weekday import BranchDayOfWeekOperator
11 | from airflow.sensors.date_time import DateTimeSensor
12 + from airflow.providers.standard.operators.bash import BashOperator
13 | 
14 | FSHook()
15 | PackageIndexHook()
note: This is an unsafe fix and may remove comments or change runtime behavior

AIR312 [*] `airflow.operators.datetime.BranchDateTimeOperator` is deprecated and moved into `standard` provider in Airflow 3.0; It still works in Airflow 3.0 but is expected to be removed in a future version.
  --> AIR312.py:19:1
   |
18 | BashOperator()
19 | BranchDateTimeOperator()
   | ^^^^^^^^^^^^^^^^^^^^^^
20 | TriggerDagRunOperator()
21 | EmptyOperator()
   |
help: Install `apache-airflow-providers-standard>=0.0.1` and use `BranchDateTimeOperator` from `airflow.providers.standard.operators.datetime` instead.
4  | from airflow.hooks.package_index import PackageIndexHook
5  | from airflow.hooks.subprocess import SubprocessHook
6  | from airflow.operators.bash import BashOperator
   - from airflow.operators.datetime import BranchDateTimeOperator
7  | from airflow.operators.empty import EmptyOperator
8  | from airflow.operators.latest_only import LatestOnlyOperator
9  | from airflow.operators.trigger_dagrun import TriggerDagRunOperator
10 | from airflow.operators.weekday import BranchDayOfWeekOperator
11 | from airflow.sensors.date_time import DateTimeSensor
12 + from airflow.providers.standard.operators.datetime import BranchDateTimeOperator
13 | 
14 | FSHook()
15 | PackageIndexHook()
note: This is an unsafe fix and may remove comments or change runtime behavior

AIR312 [*] `airflow.operators.trigger_dagrun.TriggerDagRunOperator` is deprecated and moved into `standard` provider in Airflow 3.0; It still works in Airflow 3.0 but is expected to be removed in a future version.
  --> AIR312.py:20:1
   |
18 | BashOperator()
19 | BranchDateTimeOperator()
20 | TriggerDagRunOperator()
   | ^^^^^^^^^^^^^^^^^^^^^
21 | EmptyOperator()
   |
help: Install `apache-airflow-providers-standard>=0.0.2` and use `TriggerDagRunOperator` from `airflow.providers.standard.operators.trigger_dagrun` instead.
7  | from airflow.operators.datetime import BranchDateTimeOperator
8  | from airflow.operators.empty import EmptyOperator
9  | from airflow.operators.latest_only import LatestOnlyOperator
   - from airflow.operators.trigger_dagrun import TriggerDagRunOperator
10 | from airflow.operators.weekday import BranchDayOfWeekOperator
11 | from airflow.sensors.date_time import DateTimeSensor
12 + from airflow.providers.standard.operators.trigger_dagrun import TriggerDagRunOperator
13 | 
14 | FSHook()
15 | PackageIndexHook()
note: This is an unsafe fix and may remove comments or change runtime behavior

AIR312 [*] `airflow.operators.empty.EmptyOperator` is deprecated and moved into `standard` provider in Airflow 3.0; It still works in Airflow 3.0 but is expected to be removed in a future version.
  --> AIR312.py:21:1
   |
19 | BranchDateTimeOperator()
20 | TriggerDagRunOperator()
21 | EmptyOperator()
   | ^^^^^^^^^^^^^
22 |
23 | LatestOnlyOperator()
   |
help: Install `apache-airflow-providers-standard>=0.0.2` and use `EmptyOperator` from `airflow.providers.standard.operators.empty` instead.
5  | from airflow.hooks.subprocess import SubprocessHook
6  | from airflow.operators.bash import BashOperator
7  | from airflow.operators.datetime import BranchDateTimeOperator
   - from airflow.operators.empty import EmptyOperator
8  | from airflow.operators.latest_only import LatestOnlyOperator
9  | from airflow.operators.trigger_dagrun import TriggerDagRunOperator
10 | from airflow.operators.weekday import BranchDayOfWeekOperator
11 | from airflow.sensors.date_time import DateTimeSensor
12 + from airflow.providers.standard.operators.empty import EmptyOperator
13 | 
14 | FSHook()
15 | PackageIndexHook()
note: This is an unsafe fix and may remove comments or change runtime behavior

AIR312 [*] `airflow.operators.latest_only.LatestOnlyOperator` is deprecated and moved into `standard` provider in Airflow 3.0; It still works in Airflow 3.0 but is expected to be removed in a future version.
  --> AIR312.py:23:1
   |
21 | EmptyOperator()
22 |
23 | LatestOnlyOperator()
   | ^^^^^^^^^^^^^^^^^^
24 | BranchDayOfWeekOperator()
25 | DateTimeSensor()
   |
help: Install `apache-airflow-providers-standard>=0.0.3` and use `LatestOnlyOperator` from `airflow.providers.standard.operators.latest_only` instead.
6  | from airflow.operators.bash import BashOperator
7  | from airflow.operators.datetime import BranchDateTimeOperator
8  | from airflow.operators.empty import EmptyOperator
   - from airflow.operators.latest_only import LatestOnlyOperator
9  | from airflow.operators.trigger_dagrun import TriggerDagRunOperator
10 | from airflow.operators.weekday import BranchDayOfWeekOperator
11 | from airflow.sensors.date_time import DateTimeSensor
12 + from airflow.providers.standard.operators.latest_only import LatestOnlyOperator
13 | 
14 | FSHook()
15 | PackageIndexHook()
note: This is an unsafe fix and may remove comments or change runtime behavior

AIR312 [*] `airflow.operators.weekday.BranchDayOfWeekOperator` is deprecated and moved into `standard` provider in Airflow 3.0; It still works in Airflow 3.0 but is expected to be removed in a future version.
  --> AIR312.py:24:1
   |
23 | LatestOnlyOperator()
24 | BranchDayOfWeekOperator()
   | ^^^^^^^^^^^^^^^^^^^^^^^
25 | DateTimeSensor()
   |
help: Install `apache-airflow-providers-standard>=0.0.1` and use `BranchDayOfWeekOperator` from `airflow.providers.standard.operators.weekday` instead.
8  | from airflow.operators.empty import EmptyOperator
9  | from airflow.operators.latest_only import LatestOnlyOperator
10 | from airflow.operators.trigger_dagrun import TriggerDagRunOperator
   - from airflow.operators.weekday import BranchDayOfWeekOperator
11 | from airflow.sensors.date_time import DateTimeSensor
12 + from airflow.providers.standard.operators.weekday import BranchDayOfWeekOperator
13 | 
14 | FSHook()
15 | PackageIndexHook()
note: This is an unsafe fix and may remove comments or change runtime behavior

AIR312 [*] `airflow.sensors.date_time.DateTimeSensor` is deprecated and moved into `standard` provider in Airflow 3.0; It still works in Airflow 3.0 but is expected to be removed in a future version.
  --> AIR312.py:25:1
   |
23 | LatestOnlyOperator()
24 | BranchDayOfWeekOperator()
25 | DateTimeSensor()
   | ^^^^^^^^^^^^^^
26 |
27 | from airflow.operators.python import (
   |
help: Install `apache-airflow-providers-standard>=0.0.1` and use `DateTimeSensor` from `airflow.providers.standard.sensors.date_time` instead.
9  | from airflow.operators.latest_only import LatestOnlyOperator
10 | from airflow.operators.trigger_dagrun import TriggerDagRunOperator
11 | from airflow.operators.weekday import BranchDayOfWeekOperator
   - from airflow.sensors.date_time import DateTimeSensor
12 + from airflow.providers.standard.sensors.date_time import DateTimeSensor
13 | 
14 | FSHook()
15 | PackageIndexHook()
note: This is an unsafe fix and may remove comments or change runtime behavior

AIR312 [*] `airflow.operators.python.BranchPythonOperator` is deprecated and moved into `standard` provider in Airflow 3.0; It still works in Airflow 3.0 but is expected to be removed in a future version.
  --> AIR312.py:44:1
   |
42 | from airflow.sensors.filesystem import FileSensor
43 |
44 | BranchPythonOperator()
   | ^^^^^^^^^^^^^^^^^^^^
45 | PythonOperator()
46 | PythonVirtualenvOperator()
   |
help: Install `apache-airflow-providers-standard>=0.0.1` and use `BranchPythonOperator` from `airflow.providers.standard.operators.python` instead.
25 | DateTimeSensor()
26 | 
27 | from airflow.operators.python import (
   -     BranchPythonOperator,
28 |     PythonOperator,
29 |     PythonVirtualenvOperator,
30 |     ShortCircuitOperator,
--------------------------------------------------------------------------------
39 |     TimeSensorAsync,
40 | )
41 | from airflow.sensors.filesystem import FileSensor
42 + from airflow.providers.standard.operators.python import BranchPythonOperator
43 | 
44 | BranchPythonOperator()
45 | PythonOperator()
note: This is an unsafe fix and may remove comments or change runtime behavior

AIR312 [*] `airflow.operators.python.PythonOperator` is deprecated and moved into `standard` provider in Airflow 3.0; It still works in Airflow 3.0 but is expected to be removed in a future version.
  --> AIR312.py:45:1
   |
44 | BranchPythonOperator()
45 | PythonOperator()
   | ^^^^^^^^^^^^^^
46 | PythonVirtualenvOperator()
47 | ShortCircuitOperator()
   |
help: Install `apache-airflow-providers-standard>=0.0.1` and use `PythonOperator` from `airflow.providers.standard.operators.python` instead.
26 | 
27 | from airflow.operators.python import (
28 |     BranchPythonOperator,
   -     PythonOperator,
29 |     PythonVirtualenvOperator,
30 |     ShortCircuitOperator,
31 | )
--------------------------------------------------------------------------------
39 |     TimeSensorAsync,
40 | )
41 | from airflow.sensors.filesystem import FileSensor
42 + from airflow.providers.standard.operators.python import PythonOperator
43 | 
44 | BranchPythonOperator()
45 | PythonOperator()
note: This is an unsafe fix and may remove comments or change runtime behavior

AIR312 [*] `airflow.operators.python.PythonVirtualenvOperator` is deprecated and moved into `standard` provider in Airflow 3.0; It still works in Airflow 3.0 but is expected to be removed in a future version.
  --> AIR312.py:46:1
   |
44 | BranchPythonOperator()
45 | PythonOperator()
46 | PythonVirtualenvOperator()
   | ^^^^^^^^^^^^^^^^^^^^^^^^
47 | ShortCircuitOperator()
48 | DateTimeSensorAsync()
   |
help: Install `apache-airflow-providers-standard>=0.0.1` and use `PythonVirtualenvOperator` from `airflow.providers.standard.operators.python` instead.
27 | from airflow.operators.python import (
28 |     BranchPythonOperator,
29 |     PythonOperator,
   -     PythonVirtualenvOperator,
30 |     ShortCircuitOperator,
31 | )
32 | from airflow.sensors.date_time import DateTimeSensorAsync
--------------------------------------------------------------------------------
39 |     TimeSensorAsync,
40 | )
41 | from airflow.sensors.filesystem import FileSensor
42 + from airflow.providers.standard.operators.python import PythonVirtualenvOperator
43 | 
44 | BranchPythonOperator()
45 | PythonOperator()
note: This is an unsafe fix and may remove comments or change runtime behavior

AIR312 [*] `airflow.operators.python.ShortCircuitOperator` is deprecated and moved into `standard` provider in Airflow 3.0; It still works in Airflow 3.0 but is expected to be removed in a future version.
  --> AIR312.py:47:1
   |
45 | PythonOperator()
46 | PythonVirtualenvOperator()
47 | ShortCircuitOperator()
   | ^^^^^^^^^^^^^^^^^^^^
48 | DateTimeSensorAsync()
49 | ExternalTaskMarker()
   |
help: Install `apache-airflow-providers-standard>=0.0.1` and use `ShortCircuitOperator` from `airflow.providers.standard.operators.python` instead.
28 |     BranchPythonOperator,
29 |     PythonOperator,
30 |     PythonVirtualenvOperator,
   -     ShortCircuitOperator,
31 | )
32 | from airflow.sensors.date_time import DateTimeSensorAsync
33 | from airflow.sensors.external_task import (
--------------------------------------------------------------------------------
39 |     TimeSensorAsync,
40 | )
41 | from airflow.sensors.filesystem import FileSensor
42 + from airflow.providers.standard.operators.python import ShortCircuitOperator
43 | 
44 | BranchPythonOperator()
45 | PythonOperator()
note: This is an unsafe fix and may remove comments or change runtime behavior

AIR312 [*] `airflow.sensors.date_time.DateTimeSensorAsync` is deprecated and moved into `standard` provider in Airflow 3.0; It still works in Airflow 3.0 but is expected to be removed in a future version.
  --> AIR312.py:48:1
   |
46 | PythonVirtualenvOperator()
47 | ShortCircuitOperator()
48 | DateTimeSensorAsync()
   | ^^^^^^^^^^^^^^^^^^^
49 | ExternalTaskMarker()
50 | ExternalTaskSensor()
   |
help: Install `apache-airflow-providers-standard>=0.0.1` and use `DateTimeSensorAsync` from `airflow.providers.standard.sensors.date_time` instead.
30 |     PythonVirtualenvOperator,
31 |     ShortCircuitOperator,
32 | )
   - from airflow.sensors.date_time import DateTimeSensorAsync
33 | from airflow.sensors.external_task import (
34 |     ExternalTaskMarker,
35 |     ExternalTaskSensor,
--------------------------------------------------------------------------------
39 |     TimeSensorAsync,
40 | )
41 | from airflow.sensors.filesystem import FileSensor
42 + from airflow.providers.standard.sensors.date_time import DateTimeSensorAsync
43 | 
44 | BranchPythonOperator()
45 | PythonOperator()
note: This is an unsafe fix and may remove comments or change runtime behavior

AIR312 [*] `airflow.sensors.external_task.ExternalTaskMarker` is deprecated and moved into `standard` provider in Airflow 3.0; It still works in Airflow 3.0 but is expected to be removed in a future version.
  --> AIR312.py:49:1
   |
47 | ShortCircuitOperator()
48 | DateTimeSensorAsync()
49 | ExternalTaskMarker()
   | ^^^^^^^^^^^^^^^^^^
50 | ExternalTaskSensor()
51 | FileSensor()
   |
help: Install `apache-airflow-providers-standard>=0.0.3` and use `ExternalTaskMarker` from `airflow.providers.standard.sensors.external_task` instead.
32 | )
33 | from airflow.sensors.date_time import DateTimeSensorAsync
34 | from airflow.sensors.external_task import (
   -     ExternalTaskMarker,
35 |     ExternalTaskSensor,
36 | )
37 | from airflow.sensors.time_sensor import (
--------------------------------------------------------------------------------
39 |     TimeSensorAsync,
40 | )
41 | from airflow.sensors.filesystem import FileSensor
42 + from airflow.providers.standard.sensors.external_task import ExternalTaskMarker
43 | 
44 | BranchPythonOperator()
45 | PythonOperator()
note: This is an unsafe fix and may remove comments or change runtime behavior

AIR312 [*] `airflow.sensors.external_task.ExternalTaskSensor` is deprecated and moved into `standard` provider in Airflow 3.0; It still works in Airflow 3.0 but is expected to be removed in a future version.
  --> AIR312.py:50:1
   |
48 | DateTimeSensorAsync()
49 | ExternalTaskMarker()
50 | ExternalTaskSensor()
   | ^^^^^^^^^^^^^^^^^^
51 | FileSensor()
52 | TimeSensor()
   |
help: Install `apache-airflow-providers-standard>=0.0.3` and use `ExternalTaskSensor` from `airflow.providers.standard.sensors.external_task` instead.
33 | from airflow.sensors.date_time import DateTimeSensorAsync
34 | from airflow.sensors.external_task import (
35 |     ExternalTaskMarker,
   -     ExternalTaskSensor,
36 | )
37 | from airflow.sensors.time_sensor import (
38 |     TimeSensor,
39 |     TimeSensorAsync,
40 | )
41 | from airflow.sensors.filesystem import FileSensor
42 + from airflow.providers.standard.sensors.external_task import ExternalTaskSensor
43 | 
44 | BranchPythonOperator()
45 | PythonOperator()
note: This is an unsafe fix and may remove comments or change runtime behavior

AIR312 [*] `airflow.sensors.filesystem.FileSensor` is deprecated and moved into `standard` provider in Airflow 3.0; It still works in Airflow 3.0 but is expected to be removed in a future version.
  --> AIR312.py:51:1
   |
49 | ExternalTaskMarker()
50 | ExternalTaskSensor()
51 | FileSensor()
   | ^^^^^^^^^^
52 | TimeSensor()
53 | TimeSensorAsync()
   |
help: Install `apache-airflow-providers-standard>=0.0.2` and use `FileSensor` from `airflow.providers.standard.sensors.filesystem` instead.
39 |     TimeSensor,
40 |     TimeSensorAsync,
41 | )
   - from airflow.sensors.filesystem import FileSensor
42 + from airflow.providers.standard.sensors.filesystem import FileSensor
43 | 
44 | BranchPythonOperator()
45 | PythonOperator()
note: This is an unsafe fix and may remove comments or change runtime behavior

AIR312 [*] `airflow.sensors.time_sensor.TimeSensor` is deprecated and moved into `standard` provider in Airflow 3.0; It still works in Airflow 3.0 but is expected to be removed in a future version.
  --> AIR312.py:52:1
   |
50 | ExternalTaskSensor()
51 | FileSensor()
52 | TimeSensor()
   | ^^^^^^^^^^
53 | TimeSensorAsync()
   |
help: Install `apache-airflow-providers-standard>=0.0.1` and use `TimeSensor` from `airflow.providers.standard.sensors.time` instead.
36 |     ExternalTaskSensor,
37 | )
38 | from airflow.sensors.time_sensor import (
   -     TimeSensor,
39 |     TimeSensorAsync,
40 | )
41 | from airflow.sensors.filesystem import FileSensor
42 + from airflow.providers.standard.sensors.time import TimeSensor
43 | 
44 | BranchPythonOperator()
45 | PythonOperator()
note: This is an unsafe fix and may remove comments or change runtime behavior

AIR312 [*] `airflow.sensors.time_sensor.TimeSensorAsync` is deprecated and moved into `standard` provider in Airflow 3.0; It still works in Airflow 3.0 but is expected to be removed in a future version.
  --> AIR312.py:53:1
   |
51 | FileSensor()
52 | TimeSensor()
53 | TimeSensorAsync()
   | ^^^^^^^^^^^^^^^
54 |
55 | from airflow.sensors.time_delta import (
   |
help: Install `apache-airflow-providers-standard>=0.0.1` and use `TimeSensorAsync` from `airflow.providers.standard.sensors.time` instead.
37 | )
38 | from airflow.sensors.time_sensor import (
39 |     TimeSensor,
   -     TimeSensorAsync,
40 | )
41 | from airflow.sensors.filesystem import FileSensor
42 + from airflow.providers.standard.sensors.time import TimeSensorAsync
43 | 
44 | BranchPythonOperator()
45 | PythonOperator()
note: This is an unsafe fix and may remove comments or change runtime behavior

AIR312 [*] `airflow.sensors.time_delta.TimeDeltaSensor` is deprecated and moved into `standard` provider in Airflow 3.0; It still works in Airflow 3.0 but is expected to be removed in a future version.
  --> AIR312.py:70:1
   |
68 | )
69 |
70 | TimeDeltaSensor()
   | ^^^^^^^^^^^^^^^
71 | TimeDeltaSensorAsync()
72 | DayOfWeekSensor()
   |
help: Install `apache-airflow-providers-standard>=0.0.1` and use `TimeDeltaSensor` from `airflow.providers.standard.sensors.time_delta` instead.
53 | TimeSensorAsync()
54 | 
55 | from airflow.sensors.time_delta import (
   -     TimeDeltaSensor,
56 |     TimeDeltaSensorAsync,
57 | )
58 | from airflow.sensors.weekday import DayOfWeekSensor
--------------------------------------------------------------------------------
65 |     DateTimeTrigger,
66 |     TimeDeltaTrigger,
67 | )
68 + from airflow.providers.standard.sensors.time_delta import TimeDeltaSensor
69 | 
70 | TimeDeltaSensor()
71 | TimeDeltaSensorAsync()
note: This is an unsafe fix and may remove comments or change runtime behavior

AIR312 [*] `airflow.sensors.time_delta.TimeDeltaSensorAsync` is deprecated and moved into `standard` provider in Airflow 3.0; It still works in Airflow 3.0 but is expected to be removed in a future version.
  --> AIR312.py:71:1
   |
70 | TimeDeltaSensor()
71 | TimeDeltaSensorAsync()
   | ^^^^^^^^^^^^^^^^^^^^
72 | DayOfWeekSensor()
73 | DagStateTrigger()
   |
help: Install `apache-airflow-providers-standard>=0.0.1` and use `TimeDeltaSensorAsync` from `airflow.providers.standard.sensors.time_delta` instead.
54 | 
55 | from airflow.sensors.time_delta import (
56 |     TimeDeltaSensor,
   -     TimeDeltaSensorAsync,
57 | )
58 | from airflow.sensors.weekday import DayOfWeekSensor
59 | from airflow.triggers.external_task import (
--------------------------------------------------------------------------------
65 |     DateTimeTrigger,
66 |     TimeDeltaTrigger,
67 | )
68 + from airflow.providers.standard.sensors.time_delta import TimeDeltaSensorAsync
69 | 
70 | TimeDeltaSensor()
71 | TimeDeltaSensorAsync()
note: This is an unsafe fix and may remove comments or change runtime behavior

AIR312 [*] `airflow.sensors.weekday.DayOfWeekSensor` is deprecated and moved into `standard` provider in Airflow 3.0; It still works in Airflow 3.0 but is expected to be removed in a future version.
  --> AIR312.py:72:1
   |
70 | TimeDeltaSensor()
71 | TimeDeltaSensorAsync()
72 | DayOfWeekSensor()
   | ^^^^^^^^^^^^^^^
73 | DagStateTrigger()
74 | WorkflowTrigger()
   |
help: Install `apache-airflow-providers-standard>=0.0.1` and use `DayOfWeekSensor` from `airflow.providers.standard.sensors.weekday` instead.
56 |     TimeDeltaSensor,
57 |     TimeDeltaSensorAsync,
58 | )
   - from airflow.sensors.weekday import DayOfWeekSensor
59 | from airflow.triggers.external_task import (
60 |     DagStateTrigger,
61 |     WorkflowTrigger,
--------------------------------------------------------------------------------
65 |     DateTimeTrigger,
66 |     TimeDeltaTrigger,
67 | )
68 + from airflow.providers.standard.sensors.weekday import DayOfWeekSensor
69 | 
70 | TimeDeltaSensor()
71 | TimeDeltaSensorAsync()
note: This is an unsafe fix and may remove comments or change runtime behavior

AIR312 [*] `airflow.triggers.external_task.DagStateTrigger` is deprecated and moved into `standard` provider in Airflow 3.0; It still works in Airflow 3.0 but is expected to be removed in a future version.
  --> AIR312.py:73:1
   |
71 | TimeDeltaSensorAsync()
72 | DayOfWeekSensor()
73 | DagStateTrigger()
   | ^^^^^^^^^^^^^^^
74 | WorkflowTrigger()
75 | FileTrigger()
   |
help: Install `apache-airflow-providers-standard>=0.0.3` and use `DagStateTrigger` from `airflow.providers.standard.triggers.external_task` instead.
58 | )
59 | from airflow.sensors.weekday import DayOfWeekSensor
60 | from airflow.triggers.external_task import (
   -     DagStateTrigger,
61 |     WorkflowTrigger,
62 | )
63 | from airflow.triggers.file import FileTrigger
--------------------------------------------------------------------------------
65 |     DateTimeTrigger,
66 |     TimeDeltaTrigger,
67 | )
68 + from airflow.providers.standard.triggers.external_task import DagStateTrigger
69 | 
70 | TimeDeltaSensor()
71 | TimeDeltaSensorAsync()
note: This is an unsafe fix and may remove comments or change runtime behavior

AIR312 [*] `airflow.triggers.external_task.WorkflowTrigger` is deprecated and moved into `standard` provider in Airflow 3.0; It still works in Airflow 3.0 but is expected to be removed in a future version.
  --> AIR312.py:74:1
   |
72 | DayOfWeekSensor()
73 | DagStateTrigger()
74 | WorkflowTrigger()
   | ^^^^^^^^^^^^^^^
75 | FileTrigger()
76 | DateTimeTrigger()
   |
help: Install `apache-airflow-providers-standard>=0.0.3` and use `WorkflowTrigger` from `airflow.providers.standard.triggers.external_task` instead.
59 | from airflow.sensors.weekday import DayOfWeekSensor
60 | from airflow.triggers.external_task import (
61 |     DagStateTrigger,
   -     WorkflowTrigger,
62 | )
63 | from airflow.triggers.file import FileTrigger
64 | from airflow.triggers.temporal import (
65 |     DateTimeTrigger,
66 |     TimeDeltaTrigger,
67 | )
68 + from airflow.providers.standard.triggers.external_task import WorkflowTrigger
69 | 
70 | TimeDeltaSensor()
71 | TimeDeltaSensorAsync()
note: This is an unsafe fix and may remove comments or change runtime behavior

AIR312 [*] `airflow.triggers.file.FileTrigger` is deprecated and moved into `standard` provider in Airflow 3.0; It still works in Airflow 3.0 but is expected to be removed in a future version.
  --> AIR312.py:75:1
   |
73 | DagStateTrigger()
74 | WorkflowTrigger()
75 | FileTrigger()
   | ^^^^^^^^^^^
76 | DateTimeTrigger()
77 | TimeDeltaTrigger()
   |
help: Install `apache-airflow-providers-standard>=0.0.3` and use `FileTrigger` from `airflow.providers.standard.triggers.file` instead.
61 |     DagStateTrigger,
62 |     WorkflowTrigger,
63 | )
   - from airflow.triggers.file import FileTrigger
64 | from airflow.triggers.temporal import (
65 |     DateTimeTrigger,
66 |     TimeDeltaTrigger,
67 | )
68 + from airflow.providers.standard.triggers.file import FileTrigger
69 | 
70 | TimeDeltaSensor()
71 | TimeDeltaSensorAsync()
note: This is an unsafe fix and may remove comments or change runtime behavior

AIR312 [*] `airflow.triggers.temporal.DateTimeTrigger` is deprecated and moved into `standard` provider in Airflow 3.0; It still works in Airflow 3.0 but is expected to be removed in a future version.
  --> AIR312.py:76:1
   |
74 | WorkflowTrigger()
75 | FileTrigger()
76 | DateTimeTrigger()
   | ^^^^^^^^^^^^^^^
77 | TimeDeltaTrigger()
   |
help: Install `apache-airflow-providers-standard>=0.0.3` and use `DateTimeTrigger` from `airflow.providers.standard.triggers.temporal` instead.
63 | )
64 | from airflow.triggers.file import FileTrigger
65 | from airflow.triggers.temporal import (
   -     DateTimeTrigger,
66 |     TimeDeltaTrigger,
67 | )
68 + from airflow.providers.standard.triggers.temporal import DateTimeTrigger
69 | 
70 | TimeDeltaSensor()
71 | TimeDeltaSensorAsync()
note: This is an unsafe fix and may remove comments or change runtime behavior

AIR312 [*] `airflow.triggers.temporal.TimeDeltaTrigger` is deprecated and moved into `standard` provider in Airflow 3.0; It still works in Airflow 3.0 but is expected to be removed in a future version.
  --> AIR312.py:77:1
   |
75 | FileTrigger()
76 | DateTimeTrigger()
77 | TimeDeltaTrigger()
   | ^^^^^^^^^^^^^^^^
   |
help: Install `apache-airflow-providers-standard>=0.0.3` and use `TimeDeltaTrigger` from `airflow.providers.standard.triggers.temporal` instead.
64 | from airflow.triggers.file import FileTrigger
65 | from airflow.triggers.temporal import (
66 |     DateTimeTrigger,
   -     TimeDeltaTrigger,
67 | )
68 + from airflow.providers.standard.triggers.temporal import TimeDeltaTrigger
69 | 
70 | TimeDeltaSensor()
71 | TimeDeltaSensorAsync()
note: This is an unsafe fix and may remove comments or change runtime behavior
